// Jest Snapshot v1, https://goo.gl/fbAQLP

exports[` <Footer /> render correctly 1`] = `
<footer>
  Â© 2018 Code Fellows
</footer>
`;
